2025-11-14 11:06:05,276 - INFO - 🔄 Job queue worker started (max 3 concurrent scans)
2025-11-14 11:06:14,024 - INFO - 🔄 Job queue worker started (max 3 concurrent scans)
2025-11-14 11:06:19,545 - INFO - 🔄 Job queue worker started (max 3 concurrent scans)
2025-11-14 11:08:16,842 - INFO - ⚙️  Starting scan: https://github.com/expressjs/express (ID: 1)
2025-11-14 11:08:23,442 - INFO - ✓ Scan completed for repo ID 1: https://github.com/expressjs/express
2025-11-14 11:08:23,453 - INFO - ✅ Completed and released repo ID 1
2025-11-14 12:49:46,660 - INFO - 🔄 Job queue worker started (max 3 concurrent scans)
2025-11-14 12:52:13,639 - INFO - 🔄 Job queue worker started (max 3 concurrent scans)
2025-11-14 12:58:07,853 - INFO - 🔄 Job queue worker started (max 3 concurrent scans)
2025-11-14 13:00:19,852 - INFO - 🔄 Job queue worker started (max 3 concurrent scans)
2025-11-14 13:03:26,189 - INFO - ⚙️  Starting scan: https://github.com/tejasai-bottu/mini-blog-api (ID: 2)
2025-11-14 13:03:43,418 - INFO - ✓ Scan completed for repo ID 2: https://github.com/tejasai-bottu/mini-blog-api
2025-11-14 13:03:43,444 - INFO - ✅ Completed and released repo ID 2
2025-11-14 13:09:05,083 - INFO - 🔄 Job queue worker started (max 3 concurrent scans)
2025-11-14 13:18:27,617 - INFO - 🔄 Job queue worker started (max 3 concurrent scans)
2025-11-14 13:26:12,797 - INFO - 🔄 Job queue worker started (max 3 concurrent scans)
2025-11-14 13:30:32,383 - INFO - 🔄 Job queue worker started (max 3 concurrent scans)
2025-11-14 13:38:24,405 - INFO - ⚙️  Starting scan: https://github.com/xencryptio/endtoend (ID: 3)
2025-11-14 13:39:50,233 - INFO - 🔄 Job queue worker started (max 3 concurrent scans)
2025-11-14 13:56:57,151 - INFO - 🔄 Job queue worker started (max 3 concurrent scans)
2025-11-14 14:01:31,158 - INFO - 🔄 Job queue worker started (max 3 concurrent scans)
2025-11-14 14:01:58,250 - INFO - ⚙️  Starting scan: https://github.com/tejasai-bottu/Security-Testing-System-for-No-Code-and-Low-Code-Web-Applications (ID: 1)
2025-11-14 14:01:59,432 - INFO - ✓ Scan completed for repo ID 1: https://github.com/tejasai-bottu/Security-Testing-System-for-No-Code-and-Low-Code-Web-Applications
2025-11-14 14:01:59,434 - INFO - ✅ Completed and released repo ID 1
2025-11-14 14:34:17,858 - INFO - 🔄 Job queue worker started (max 3 concurrent scans)
